
> @haiyue/engine-repository@0.1.0 check:boundaries
> node scripts/check-workspace-boundaries.mjs && npm run modules:check && node scripts/run-studio-npm.mjs Editor run check:boundaries

[workspace-boundary] shader-language -> (none)
[workspace-boundary] animation-spec -> (none)
[workspace-boundary] engine -> (none)
[workspace-boundary] extensions -> animation-spec, engine
[workspace-boundary] examples -> animation-spec, engine, extensions
[workspace-boundary] All workspace dependency rules passed.

> @haiyue/engine-repository@0.1.0 modules:check
> node scripts/check-engine-module-boundaries.mjs

[engine-modules] 446 modules checked: no cycles or reverse facade dependencies.
file:///Users/qingque/Desktop/HaiyueStudio/Engine/scripts/studio-repository-layout.mjs:19
  if (!existsSync(repository.root)) throw new Error(`${name} repository is unavailable at ${repository.root}.`);
                                          ^

Error: Editor repository is unavailable at /Users/qingque/Desktop/HaiyueStudio/Editor.
    at requireStudioRepository (file:///Users/qingque/Desktop/HaiyueStudio/Engine/scripts/studio-repository-layout.mjs:19:43)
    at file:///Users/qingque/Desktop/HaiyueStudio/Engine/scripts/run-studio-npm.mjs:10:20
    at ModuleJob.run (node:internal/modules/esm/module_job:439:25)
    at async node:internal/modules/esm/loader:643:26
    at async asyncRunEntryPointWithESMLoader (node:internal/modules/run_main:101:5)

Node.js v24.19.0
